// Vitest Snapshot v1

exports[`rehypre-prism plugin > should add diff 1`] = `
"<div>
  <pre class=\\"language-css\\">  <code class=\\"language-css code-diff\\"><span class=\\"token selector\\">p</span> <span class=\\"token punctuation\\">{</span> <span class=\\"token property\\">color</span><span class=\\"token punctuation\\">:</span> red <span class=\\"token punctuation\\">}</span></code>
  </pre>
</div>"
`;
